[INFO] Scanning for projects...
[INFO] 
[INFO] -------------------------< com.example:server >-------------------------
[INFO] Building server 0.0.1-SNAPSHOT
[INFO]   from pom.xml
[INFO] --------------------------------[ jar ]---------------------------------
[INFO] 
[INFO] >>> spring-boot:4.0.5:run (default-cli) > test-compile @ server >>>
[INFO] 
[INFO] --- resources:3.3.1:resources (default-resources) @ server ---
[INFO] Copying 3 resources from src\main\resources to target\classes
[INFO] Copying 0 resource from src\main\resources to target\classes
[INFO] 
[INFO] --- compiler:3.14.1:compile (default-compile) @ server ---
[INFO] Recompiling the module because of changed source code.
[INFO] Compiling 164 source files with javac [debug parameters release 17] to target\classes
[WARNING] /C:/Users/tunga/OneDrive/Desktop/SportShoe-Store/BE/server/src/main/java/com/example/server/infrastructure/JacksonConfig.java:[14,12] org.springframework.http.converter.json.Jackson2ObjectMapperBuilder in org.springframework.http.converter.json has been deprecated and marked for removal
[WARNING] /C:/Users/tunga/OneDrive/Desktop/SportShoe-Store/BE/server/src/main/java/com/example/server/infrastructure/JacksonConfig.java:[14,12] org.springframework.http.converter.json.Jackson2ObjectMapperBuilder in org.springframework.http.converter.json has been deprecated and marked for removal
[WARNING] /C:/Users/tunga/OneDrive/Desktop/SportShoe-Store/BE/server/src/main/java/com/example/server/infrastructure/JacksonConfig.java:[14,12] org.springframework.http.converter.json.Jackson2ObjectMapperBuilder in org.springframework.http.converter.json has been deprecated and marked for removal
[WARNING] /C:/Users/tunga/OneDrive/Desktop/SportShoe-Store/BE/server/src/main/java/com/example/server/infrastructure/JacksonConfig.java:[14,12] org.springframework.http.converter.json.Jackson2ObjectMapperBuilder in org.springframework.http.converter.json has been deprecated and marked for removal
[WARNING] /C:/Users/tunga/OneDrive/Desktop/SportShoe-Store/BE/server/src/main/java/com/example/server/infrastructure/JacksonConfig.java:[14,12] org.springframework.http.converter.json.Jackson2ObjectMapperBuilder in org.springframework.http.converter.json has been deprecated and marked for removal
[WARNING] /C:/Users/tunga/OneDrive/Desktop/SportShoe-Store/BE/server/src/main/java/com/example/server/infrastructure/JacksonConfig.java:[15,20] org.springframework.http.converter.json.Jackson2ObjectMapperBuilder in org.springframework.http.converter.json has been deprecated and marked for removal
[INFO] 
[INFO] --- resources:3.3.1:testResources (default-testResources) @ server ---
[INFO] skip non existing resourceDirectory C:\Users\tunga\OneDrive\Desktop\SportShoe-Store\BE\server\src\test\resources
[INFO] 
[INFO] --- compiler:3.14.1:testCompile (default-testCompile) @ server ---
[INFO] Recompiling the module because of changed dependency.
[INFO] Compiling 2 source files with javac [debug parameters release 17] to target\test-classes
[INFO] 
[INFO] <<< spring-boot:4.0.5:run (default-cli) < test-compile @ server <<<
[INFO] 
[INFO] 
[INFO] --- spring-boot:4.0.5:run (default-cli) @ server ---
[INFO] Attaching agents: []

  .   ____          _            __ _ _
 /\\ / ___'_ __ _ _(_)_ __  __ _ \ \ \ \
( ( )\___ | '_ | '_| | '_ \/ _` | \ \ \ \
 \\/  ___)| |_)| | | | | || (_| |  ) ) ) )
  '  |____| .__|_| |_|_| |_\__, | / / / /
 =========|_|==============|___/=/_/_/_/

 :: Spring Boot ::                (v4.0.5)

2026-04-29T16:08:04.797+07:00  INFO 6956 --- [server] [  restartedMain] com.example.server.ServerApplication     : Starting ServerApplication using Java 17.0.12 with PID 6956 (C:\Users\tunga\OneDrive\Desktop\SportShoe-Store\BE\server\target\classes started by tunga in C:\Users\tunga\OneDrive\Desktop\SportShoe-Store\BE\server)
2026-04-29T16:08:04.800+07:00  INFO 6956 --- [server] [  restartedMain] com.example.server.ServerApplication     : No active profile set, falling back to 1 default profile: "default"
2026-04-29T16:08:04.836+07:00  INFO 6956 --- [server] [  restartedMain] .e.DevToolsPropertyDefaultsPostProcessor : Devtools property defaults active! Set 'spring.devtools.add-properties' to 'false' to disable
2026-04-29T16:08:04.836+07:00  INFO 6956 --- [server] [  restartedMain] .e.DevToolsPropertyDefaultsPostProcessor : For additional web related logging consider setting the 'logging.level.web' property to 'DEBUG'
2026-04-29T16:08:05.394+07:00  INFO 6956 --- [server] [  restartedMain] .s.d.r.c.RepositoryConfigurationDelegate : Bootstrapping Spring Data JPA repositories in DEFAULT mode.
2026-04-29T16:08:05.512+07:00  INFO 6956 --- [server] [  restartedMain] .s.d.r.c.RepositoryConfigurationDelegate : Finished Spring Data repository scanning in 110 ms. Found 27 JPA repository interfaces.
2026-04-29T16:08:05.989+07:00  INFO 6956 --- [server] [  restartedMain] o.s.boot.tomcat.TomcatWebServer          : Tomcat initialized with port 8080 (http)
2026-04-29T16:08:06.001+07:00  INFO 6956 --- [server] [  restartedMain] o.apache.catalina.core.StandardService   : Starting service [Tomcat]
2026-04-29T16:08:06.001+07:00  INFO 6956 --- [server] [  restartedMain] o.apache.catalina.core.StandardEngine    : Starting Servlet engine: [Apache Tomcat/11.0.20]
2026-04-29T16:08:06.036+07:00  INFO 6956 --- [server] [  restartedMain] b.w.c.s.WebApplicationContextInitializer : Root WebApplicationContext: initialization completed in 1198 ms
2026-04-29T16:08:06.184+07:00  INFO 6956 --- [server] [  restartedMain] org.hibernate.orm.jpa                    : HHH008540: Processing PersistenceUnitInfo [name: default]
2026-04-29T16:08:06.236+07:00  INFO 6956 --- [server] [  restartedMain] org.hibernate.orm.core                   : HHH000001: Hibernate ORM core version 7.2.7.Final
2026-04-29T16:08:06.589+07:00  INFO 6956 --- [server] [  restartedMain] o.s.o.j.p.SpringPersistenceUnitInfo      : No LoadTimeWeaver setup: ignoring JPA class transformer
2026-04-29T16:08:06.617+07:00  INFO 6956 --- [server] [  restartedMain] com.zaxxer.hikari.HikariDataSource       : HikariPool-1 - Starting...
2026-04-29T16:08:06.841+07:00  INFO 6956 --- [server] [  restartedMain] com.zaxxer.hikari.pool.HikariPool        : HikariPool-1 - Added connection ConnectionID:1 ClientConnectionId: 9b107d57-7f61-474a-90dd-f08d7865ff9c
2026-04-29T16:08:06.843+07:00  INFO 6956 --- [server] [  restartedMain] com.zaxxer.hikari.HikariDataSource       : HikariPool-1 - Start completed.
2026-04-29T16:08:06.907+07:00  INFO 6956 --- [server] [  restartedMain] org.hibernate.orm.connections.pooling    : HHH10001005: Database info:
	Database JDBC URL [jdbc:sqlserver://localhost:1433;concatNullYieldsNull=ON;quotedIdentifier=ON;connectRetryInterval=10;connectRetryCount=1;maxResultBuffer=-1;sendTemporalDataTypesAsStringForBulkCopy=true;delayLoadingLobs=true;useFmtOnly=false;vectorTypeSupport=v1;cacheBulkCopyMetadata=false;bulkCopyForBatchInsertAllowEncryptedValueModifications=false;bulkCopyForBatchInsertTableLock=false;bulkCopyForBatchInsertKeepNulls=false;bulkCopyForBatchInsertKeepIdentity=false;bulkCopyForBatchInsertFireTriggers=false;bulkCopyForBatchInsertCheckConstraints=false;bulkCopyForBatchInsertBatchSize=0;useBulkCopyForBatchInsert=false;cancelQueryTimeout=-1;sslProtocol=TLS;calcBigDecimalPrecision=false;useDefaultJaasConfig=false;jaasConfigurationName=SQLJDBCDriver;statementPoolingCacheSize=0;serverPreparedStatementDiscardThreshold=10;enablePrepareOnFirstPreparedStatementCall=false;fips=false;socketTimeout=0;authentication=NotSpecified;authenticationScheme=nativeAuthentication;xopenStates=false;datetimeParameterType=datetime2;sendTimeAsDatetime=true;replication=false;trustStoreType=JKS;trustServerCertificate=true;TransparentNetworkIPResolution=true;iPAddressPreference=IPv4First;serverNameAsACE=false;sendStringParametersAsUnicode=true;selectMethod=direct;responseBuffering=adaptive;queryTimeout=-1;packetSize=8000;multiSubnetFailover=false;loginTimeout=30;lockTimeout=-1;lastUpdateCount=true;useDefaultGSSCredential=false;prepareMethod=prepexec;encrypt=true;disableStatementPooling=true;databaseName=giay;columnEncryptionSetting=Disabled;applicationName=Microsoft JDBC Driver for SQL Server;applicationIntent=readwrite;]
	Database driver: Microsoft JDBC Driver 13.2 for SQL Server
	Database dialect: SQLServerDialect
	Database version: 16.0
	Default catalog/schema: giay/dbo
	Autocommit mode: undefined/unknown
	Isolation level: READ_COMMITTED [default READ_COMMITTED]
	JDBC fetch size: 128
	Pool: DataSourceConnectionProvider
	Minimum pool size: undefined/unknown
	Maximum pool size: undefined/unknown
2026-04-29T16:08:08.037+07:00  INFO 6956 --- [server] [  restartedMain] org.hibernate.orm.core                   : HHH000489: No JTA platform available (set 'hibernate.transaction.jta.platform' to enable JTA platform integration)
2026-04-29T16:08:08.043+07:00  INFO 6956 --- [server] [  restartedMain] j.LocalContainerEntityManagerFactoryBean : Initialized JPA EntityManagerFactory for persistence unit 'default'
2026-04-29T16:08:08.102+07:00  INFO 6956 --- [server] [  restartedMain] o.s.d.j.r.query.QueryEnhancerFactories   : Hibernate is in classpath; If applicable, HQL parser will be used.
2026-04-29T16:08:10.093+07:00  INFO 6956 --- [server] [  restartedMain] o.s.m.s.b.SimpleBrokerMessageHandler     : Starting...
2026-04-29T16:08:10.095+07:00  INFO 6956 --- [server] [  restartedMain] o.s.m.s.b.SimpleBrokerMessageHandler     : BrokerAvailabilityEvent[available=true, SimpleBrokerMessageHandler [org.springframework.messaging.simp.broker.DefaultSubscriptionRegistry@ec14149]]
2026-04-29T16:08:10.096+07:00  INFO 6956 --- [server] [  restartedMain] o.s.m.s.b.SimpleBrokerMessageHandler     : Started.
2026-04-29T16:08:10.104+07:00  INFO 6956 --- [server] [  restartedMain] o.s.boot.tomcat.TomcatWebServer          : Tomcat started on port 8080 (http) with context path '/'
2026-04-29T16:08:10.109+07:00  INFO 6956 --- [server] [  restartedMain] com.example.server.ServerApplication     : Started ServerApplication in 5.62 seconds (process running for 5.966)
2026-04-29T16:09:00.022+07:00  INFO 6956 --- [server] [MessageBroker-1] c.e.s.i.scheduler.DiscountScheduler      : B?t ??u quét và ??ng b? giá bán khuy?n mãi...
2026-04-29T16:09:00.170+07:00  INFO 6956 --- [server] [MessageBroker-1] c.e.s.i.scheduler.DiscountScheduler      : ?ang ??ng b? giá cho 26 bi?n th? s?n ph?m...
2026-04-29T16:09:00.624+07:00  INFO 6956 --- [server] [MessageBroker-1] c.e.s.i.scheduler.DiscountScheduler      : ??ng b? giá bán hoàn t?t.
2026-04-29T16:09:10.105+07:00  INFO 6956 --- [server] [MessageBroker-2] o.s.w.s.c.WebSocketMessageBrokerStats    : WebSocketSession[0 current WS(0)-HttpStream(0)-HttpPoll(0), 0 total, 0 closed abnormally (0 connect failure, 0 send limit, 0 transport error)], stompSubProtocol[processed CONNECT(0)-CONNECTED(0)-DISCONNECT(0)], stompBrokerRelay[null], inboundChannel[pool size = 0, active threads = 0, queued tasks = 0, completed tasks = 0], outboundChannel[pool size = 0, active threads = 0, queued tasks = 0, completed tasks = 0], sockJsScheduler[pool size = 3, active threads = 1, queued tasks = 1, completed tasks = 1]
